python : [BRICK] parse_brick_strength called with:
所在位置 行:1 字符: 1
+ python test_source_node_id.py > test_output.txt 2>&1; Get-Content tes ...
+ ~~~~~~~~~~~~~~~~~~~~~~~~~~~~~~~~~~~~~~~~~~~~~~~~~~~~
    + CategoryInfo          : NotSpecified: ([BRICK] parse_b...th called with: 
   :String) [], RemoteException
    + FullyQualifiedErrorId : NativeCommandError
 
  - project_id: 1 (type: <class 'str'>)
  - node_id: test-node
  - source_node_id: collection-1769823801623
  - context: {'source_node_id': 'collection-1769823801623'}
[BRICK] SQL Query: 
        SELECT
            id,
            node_id,
            test_item,
            test_result,
            strength_estimated_mpa,
            design_strength_grade,
            test_date,
            test_location_text,
            confirmed_result,
            raw_result,
            evidence_refs,
            created_at
        FROM professional_data
        WHERE project_id = :pid
           AND node_id = :src 
          AND (
              LOWER(test_item) LIKE '%brick%'
              OR test_item = 'brick_table_recognition'
              OR test_item = 'brick_strength'
              OR test_item LIKE '%砖%'
          )
          
          AND (confirmed_result IS NOT NULL OR raw_result IS NOT NULL)
        ORDER BY created_at DESC
    
[BRICK] SQL Params: {'pid': '1', 'src': 'collection-1769823801623'}
[BRICK] node_filter: ' AND node_id = :src '
[BRICK] scope_filter: ''
[BRICK] Found 1 rows
================================================================================
测试砖强度 API（带 source_node_id）
================================================================================

砖 node_id 1:
  source_node_id: collection-1769823801623
Traceback (most recent call last):
  File "D:\All_about_AI\projects\reportplatform_autore_skills\Reportplatformaut
ore\backend\test_source_node_id.py", line 43, in <module>
    asyncio.run(test_with_source_node_id())
  File "D:\python310\lib\asyncio\runners.py", line 44, in run
    return loop.run_until_complete(main)
  File "D:\python310\lib\asyncio\base_events.py", line 641, in run_until_comple
te
    return future.result()
  File "D:\All_about_AI\projects\reportplatform_autore_skills\Reportplatformaut
ore\backend\test_source_node_id.py", line 37, in test_with_source_node_id
    print(f"  \u2713 找到记录: {result.get('meta', {}).get('record_count')}")
UnicodeEncodeError: 'gbk' codec can't encode character '\u2713' in position 2: 
illegal multibyte sequence
